---
source: test-span/tests/tests.rs
assertion_line: 105
expression: spans

---
{
  "name": "tests::traced_span_tests::root",
  "record": {
    "entries": [],
    "metadata": {
      "name": "root",
      "target": "tests::traced_span_tests",
      "level": "ERROR",
      "module_path": "tests::traced_span_tests",
      "fields": {
        "names": []
      }
    }
  },
  "children": {
    "tests::traced_span_tests::do_sync_stuff": {
      "name": "tests::traced_span_tests::do_sync_stuff",
      "record": {
        "entries": [
          [
            "message",
            "here i am!"
          ],
          [
            "number",
            52
          ]
        ],
        "metadata": {
          "name": "do_sync_stuff",
          "target": "tests::traced_span_tests",
          "level": "INFO",
          "module_path": "tests::traced_span_tests",
          "fields": {
            "names": []
          }
        }
      },
      "children": {
        "my_crate::an_other_target::do_sync_stuff2": {
          "name": "my_crate::an_other_target::do_sync_stuff2",
          "record": {
            "entries": [
              [
                "number",
                42
              ],
              [
                "message",
                "here i am again!"
              ]
            ],
            "metadata": {
              "name": "do_sync_stuff2",
              "target": "my_crate::an_other_target",
              "level": "INFO",
              "module_path": "tests::traced_span_tests",
              "fields": {
                "names": [
                  "number"
                ]
              }
            }
          },
          "children": {}
        }
      }
    },
    "tests::traced_span_tests::do_sync_stuff": {
      "name": "tests::traced_span_tests::do_sync_stuff",
      "record": {
        "entries": [
          [
            "message",
            "here i am!"
          ],
          [
            "number",
            52
          ]
        ],
        "metadata": {
          "name": "do_sync_stuff",
          "target": "tests::traced_span_tests",
          "level": "INFO",
          "module_path": "tests::traced_span_tests",
          "fields": {
            "names": []
          }
        }
      },
      "children": {
        "my_crate::an_other_target::do_sync_stuff2": {
          "name": "my_crate::an_other_target::do_sync_stuff2",
          "record": {
            "entries": [
              [
                "number",
                42
              ],
              [
                "message",
                "here i am again!"
              ]
            ],
            "metadata": {
              "name": "do_sync_stuff2",
              "target": "my_crate::an_other_target",
              "level": "INFO",
              "module_path": "tests::traced_span_tests",
              "fields": {
                "names": [
                  "number"
                ]
              }
            }
          },
          "children": {}
        }
      }
    }
  }
}
